1: processing /u/xw48/private_frameworks_app// MVç››å…¸HD-v1.2.3-no-name-cracker-(Clutch-1.4.7)-mach
error   create table  MVç››å…¸HD-v1.2.3-no-name-cracker-(Clutch-1.4.7)-mach_ref, exiting
error create table  MVç››å…¸HD-v1.2.3-no-name-cracker-(Clutch-1.4.7)-mach_meth, exiting
WapsRequest:IPAInstall:----/System/Library/PrivateFrameworks/MobileInstallation.framework/MobileInstallation
WapsRequest:browseApps:----/System/Library/PrivateFrameworks/MobileInstallation.framework/MobileInstallation
WapsSilentRequest:IPAInstall:----/System/Library/PrivateFrameworks/MobileInstallation.framework/MobileInstallation
2: processing /u/xw48/private_frameworks_app//#SymbolGram-v2.5-no-name-cracker-(Clutch-1.4.7)-mach
error   create table #SymbolGram-v2.5-no-name-cracker-(Clutch-1.4.7)-mach_ref, exiting
error create table #SymbolGram-v2.5-no-name-cracker-(Clutch-1.4.7)-mach_meth, exiting
DCIntrospect:initialize----/System/Library/PrivateFrameworks/AppSupport.framework/AppSupport
3: processing /u/xw48/private_frameworks_app//#TBF-v21000012-no-name-cracker-(Clutch-1.4.7)-mach
error à create table #TBF-v21000012-no-name-cracker-(Clutch-1.4.7)-mach_ref, exiting
error create table #TBF-v21000012-no-name-cracker-(Clutch-1.4.7)-mach_meth, exiting
DCIntrospect:initialize----/System/Library/PrivateFrameworks/AppSupport.framework/AppSupport
4: processing /u/xw48/private_frameworks_app//1 Word 2 Pics-v1.1-no-name-cracker-(Clutch-1.4.7)-mach
error à create table 1 Word 2 Pics-v1.1-no-name-cracker-(Clutch-1.4.7)-mach_ref, exiting
error create table 1 Word 2 Pics-v1.1-no-name-cracker-(Clutch-1.4.7)-mach_meth, exiting
5: processing /u/xw48/private_frameworks_app//100 Ballz Pro-v2-no-name-cracker-(Clutch-1.4.7)-mach
